[08/Oct/2026 01:45:17] "GET /foundation/ HTTP/1.1" 302 0
[08/Oct/2026 01:45:17] "GET /auth/login/ HTTP/1.1" 200 5477
[08/Oct/2026 01:45:18] "GET /foundation/ HTTP/1.1" 200 20835
[08/Oct/2026 01:45:19] "GET /static/accounts/assets/woddi-logo.png HTTP/1.1" 200 47914
[08/Oct/2026 01:45:19] "GET /static/accounts/refinements.css HTTP/1.1" 200 2289
[08/Oct/2026 01:45:19] "GET /static/foundation/tokens.css HTTP/1.1" 200 2371
[08/Oct/2026 01:45:19] "GET /static/accounts/design.css HTTP/1.1" 200 28775
[08/Oct/2026 01:45:19] "GET /static/foundation/shell.css HTTP/1.1" 200 17484
[08/Oct/2026 01:45:19] "GET /static/foundation/shell.js HTTP/1.1" 200 4289
[08/Oct/2026 01:45:19] "GET /static/accounts/assets/Manrope.ttf HTTP/1.1" 200 165420
[08/Oct/2026 01:45:19] "GET /static/accounts/assets/Inter.ttf HTTP/1.1" 200 876576
Not Found: /favicon.ico
[08/Oct/2026 01:45:19] "GET /favicon.ico HTTP/1.1" 404 19343
[08/Oct/2026 01:45:21] "GET /foundation/ HTTP/1.1" 200 20835
[08/Oct/2026 01:45:21] "GET /static/accounts/design.css HTTP/1.1" 200 28775
[08/Oct/2026 01:45:21] "GET /static/accounts/refinements.css HTTP/1.1" 200 2289
[08/Oct/2026 01:45:21] "GET /static/foundation/shell.css HTTP/1.1" 200 17484
[08/Oct/2026 01:45:21] "GET /static/foundation/tokens.css HTTP/1.1" 200 2371
[08/Oct/2026 01:45:21] "GET /static/foundation/shell.js HTTP/1.1" 200 4289
[08/Oct/2026 01:45:21] "GET /static/accounts/assets/woddi-logo.png HTTP/1.1" 200 47914
[08/Oct/2026 01:45:21] "GET /static/accounts/assets/Manrope.ttf HTTP/1.1" 200 165420
[08/Oct/2026 01:45:21] "GET /static/accounts/assets/Inter.ttf HTTP/1.1" 200 876576
[08/Oct/2026 01:45:23] "GET /foundation/ HTTP/1.1" 200 27465
[08/Oct/2026 01:45:23] "GET /static/accounts/design.css HTTP/1.1" 200 28775
[08/Oct/2026 01:45:23] "GET /static/accounts/refinements.css HTTP/1.1" 200 2289
[08/Oct/2026 01:45:23] "GET /static/foundation/tokens.css HTTP/1.1" 200 2371
[08/Oct/2026 01:45:23] "GET /static/foundation/shell.css HTTP/1.1" 200 17484
[08/Oct/2026 01:45:23] "GET /static/foundation/shell.js HTTP/1.1" 200 4289
[08/Oct/2026 01:45:23] "GET /static/accounts/assets/woddi-logo.png HTTP/1.1" 200 47914
[08/Oct/2026 01:45:23] "GET /static/accounts/assets/Manrope.ttf HTTP/1.1" 200 165420
[08/Oct/2026 01:45:23] "GET /static/accounts/assets/Inter.ttf HTTP/1.1" 200 876576
[08/Oct/2026 01:45:24] "GET /foundation/?role=operations HTTP/1.1" 200 26837
[08/Oct/2026 01:45:25] "GET /static/accounts/design.css HTTP/1.1" 200 28775
[08/Oct/2026 01:45:25] "GET /static/accounts/refinements.css HTTP/1.1" 200 2289
[08/Oct/2026 01:45:25] "GET /static/foundation/tokens.css HTTP/1.1" 200 2371
[08/Oct/2026 01:45:25] "GET /static/foundation/shell.js HTTP/1.1" 200 4289
[08/Oct/2026 01:45:25] "GET /static/foundation/shell.css HTTP/1.1" 200 17484
[08/Oct/2026 01:45:25] "GET /static/accounts/assets/woddi-logo.png HTTP/1.1" 200 47914
[08/Oct/2026 01:45:25] "GET /static/accounts/assets/Manrope.ttf HTTP/1.1" 200 165420
[08/Oct/2026 01:45:25] "GET /static/accounts/assets/Inter.ttf HTTP/1.1" 200 876576
[08/Oct/2026 01:45:26] "GET /foundation/ HTTP/1.1" 200 24523
[08/Oct/2026 01:45:26] "GET /static/accounts/design.css HTTP/1.1" 200 28775
[08/Oct/2026 01:45:26] "GET /static/accounts/refinements.css HTTP/1.1" 200 2289
[08/Oct/2026 01:45:26] "GET /static/foundation/tokens.css HTTP/1.1" 200 2371
[08/Oct/2026 01:45:26] "GET /static/foundation/shell.css HTTP/1.1" 200 17484
[08/Oct/2026 01:45:26] "GET /static/foundation/shell.js HTTP/1.1" 200 4289
[08/Oct/2026 01:45:26] "GET /static/accounts/assets/woddi-logo.png HTTP/1.1" 200 47914
[08/Oct/2026 01:45:27] "GET /static/accounts/assets/Manrope.ttf HTTP/1.1" 200 165420
[08/Oct/2026 01:45:27] "GET /static/accounts/assets/Inter.ttf HTTP/1.1" 200 876576
[08/Oct/2026 01:45:28] "GET /foundation/ HTTP/1.1" 200 20141
[08/Oct/2026 01:45:28] "GET /static/accounts/design.css HTTP/1.1" 200 28775
[08/Oct/2026 01:45:28] "GET /static/foundation/shell.css HTTP/1.1" 200 17484
[08/Oct/2026 01:45:28] "GET /static/foundation/tokens.css HTTP/1.1" 200 2371
[08/Oct/2026 01:45:28] "GET /static/foundation/shell.js HTTP/1.1" 200 4289
[08/Oct/2026 01:45:28] "GET /static/accounts/refinements.css HTTP/1.1" 200 2289
[08/Oct/2026 01:45:28] "GET /static/accounts/assets/woddi-logo.png HTTP/1.1" 200 47914
[08/Oct/2026 01:45:29] "GET /static/accounts/assets/Manrope.ttf HTTP/1.1" 200 165420
[08/Oct/2026 01:45:29] "GET /static/accounts/assets/Inter.ttf HTTP/1.1" 200 876576
[08/Oct/2026 01:45:30] "GET /foundation/network/WGMN/ HTTP/1.1" 200 13402
[08/Oct/2026 01:45:30] "GET /static/accounts/design.css HTTP/1.1" 200 28775
[08/Oct/2026 01:45:30] "GET /static/foundation/tokens.css HTTP/1.1" 200 2371
[08/Oct/2026 01:45:30] "GET /static/accounts/refinements.css HTTP/1.1" 200 2289
[08/Oct/2026 01:45:30] "GET /static/foundation/shell.css HTTP/1.1" 200 17484
[08/Oct/2026 01:45:30] "GET /static/foundation/shell.js HTTP/1.1" 200 4289
[08/Oct/2026 01:45:30] "GET /static/accounts/assets/woddi-logo.png HTTP/1.1" 200 47914
[08/Oct/2026 01:45:30] "GET /static/accounts/assets/Manrope.ttf HTTP/1.1" 200 165420
[08/Oct/2026 01:45:30] "GET /static/accounts/assets/Inter.ttf HTTP/1.1" 200 876576
[08/Oct/2026 01:45:32] "GET /foundation/network/WNNN/ HTTP/1.1" 200 11918
[08/Oct/2026 01:45:32] "GET /static/accounts/design.css HTTP/1.1" 200 28775
[08/Oct/2026 01:45:32] "GET /static/accounts/refinements.css HTTP/1.1" 200 2289
[08/Oct/2026 01:45:32] "GET /static/foundation/tokens.css HTTP/1.1" 200 2371
[08/Oct/2026 01:45:32] "GET /static/foundation/shell.css HTTP/1.1" 200 17484
[08/Oct/2026 01:45:32] "GET /static/foundation/shell.js HTTP/1.1" 200 4289
[08/Oct/2026 01:45:32] "GET /static/accounts/assets/woddi-logo.png HTTP/1.1" 200 47914
[08/Oct/2026 01:45:32] "GET /static/accounts/assets/Manrope.ttf HTTP/1.1" 200 165420
[08/Oct/2026 01:45:32] "GET /static/accounts/assets/Inter.ttf HTTP/1.1" 200 876576
Forbidden: /foundation/network/WNNN/
[08/Oct/2026 01:45:33] "GET /foundation/network/WNNN/ HTTP/1.1" 403 11019
[08/Oct/2026 01:45:33] "GET /static/accounts/design.css HTTP/1.1" 200 28775
[08/Oct/2026 01:45:33] "GET /static/accounts/refinements.css HTTP/1.1" 200 2289
[08/Oct/2026 01:45:33] "GET /static/foundation/tokens.css HTTP/1.1" 200 2371
[08/Oct/2026 01:45:33] "GET /static/foundation/shell.css HTTP/1.1" 200 17484
[08/Oct/2026 01:45:33] "GET /static/foundation/shell.js HTTP/1.1" 200 4289
[08/Oct/2026 01:45:33] "GET /static/accounts/assets/woddi-logo.png HTTP/1.1" 200 47914
[08/Oct/2026 01:45:34] "GET /static/accounts/assets/Manrope.ttf HTTP/1.1" 200 165420
[08/Oct/2026 01:45:34] "GET /static/accounts/assets/Inter.ttf HTTP/1.1" 200 876576
[08/Oct/2026 01:45:35] "GET /foundation/network/WGMN/country/NG/ HTTP/1.1" 200 18815
[08/Oct/2026 01:45:35] "GET /static/accounts/design.css HTTP/1.1" 200 28775
[08/Oct/2026 01:45:35] "GET /static/accounts/refinements.css HTTP/1.1" 200 2289
[08/Oct/2026 01:45:35] "GET /static/foundation/tokens.css HTTP/1.1" 200 2371
[08/Oct/2026 01:45:35] "GET /static/foundation/shell.css HTTP/1.1" 200 17484
[08/Oct/2026 01:45:35] "GET /static/foundation/shell.js HTTP/1.1" 200 4289
[08/Oct/2026 01:45:35] "GET /static/accounts/assets/woddi-logo.png HTTP/1.1" 200 47914
[08/Oct/2026 01:45:35] "GET /static/accounts/assets/Manrope.ttf HTTP/1.1" 200 165420
[08/Oct/2026 01:45:35] "GET /static/accounts/assets/Inter.ttf HTTP/1.1" 200 876576
Forbidden: /foundation/network/WGMN/country/ZA/
[08/Oct/2026 01:45:37] "GET /foundation/network/WGMN/country/ZA/ HTTP/1.1" 403 11073
[08/Oct/2026 01:45:37] "GET /static/accounts/design.css HTTP/1.1" 200 28775
[08/Oct/2026 01:45:37] "GET /static/foundation/tokens.css HTTP/1.1" 200 2371
[08/Oct/2026 01:45:37] "GET /static/accounts/refinements.css HTTP/1.1" 200 2289
[08/Oct/2026 01:45:37] "GET /static/foundation/shell.css HTTP/1.1" 200 17484
[08/Oct/2026 01:45:37] "GET /static/accounts/assets/woddi-logo.png HTTP/1.1" 200 47914
[08/Oct/2026 01:45:37] "GET /static/foundation/shell.js HTTP/1.1" 200 4289
[08/Oct/2026 01:45:37] "GET /static/accounts/assets/Manrope.ttf HTTP/1.1" 200 165420
[08/Oct/2026 01:45:37] "GET /static/accounts/assets/Inter.ttf HTTP/1.1" 200 876576
[08/Oct/2026 01:45:38] "GET /foundation/network/WGMN/country/NG/leadership/member/ HTTP/1.1" 200 14016
[08/Oct/2026 01:45:38] "GET /static/accounts/design.css HTTP/1.1" 200 28775
[08/Oct/2026 01:45:38] "GET /static/foundation/tokens.css HTTP/1.1" 200 2371
[08/Oct/2026 01:45:38] "GET /static/accounts/refinements.css HTTP/1.1" 200 2289
[08/Oct/2026 01:45:38] "GET /static/foundation/shell.css HTTP/1.1" 200 17484
[08/Oct/2026 01:45:38] "GET /static/foundation/shell.js HTTP/1.1" 200 4289
[08/Oct/2026 01:45:38] "GET /static/accounts/assets/woddi-logo.png HTTP/1.1" 200 47914
[08/Oct/2026 01:45:39] "GET /static/accounts/assets/Manrope.ttf HTTP/1.1" 200 165420
[08/Oct/2026 01:45:39] "GET /static/accounts/assets/Inter.ttf HTTP/1.1" 200 876576
[08/Oct/2026 01:45:40] "GET /foundation/network/WGMN/country/NG/leadership/member/profile/944e69b2-0465-4046-9d2a-6a4c2f75481f/ HTTP/1.1" 200 13648
[08/Oct/2026 01:45:40] "GET /static/accounts/design.css HTTP/1.1" 200 28775
[08/Oct/2026 01:45:40] "GET /static/foundation/tokens.css HTTP/1.1" 200 2371
[08/Oct/2026 01:45:40] "GET /static/foundation/shell.css HTTP/1.1" 200 17484
[08/Oct/2026 01:45:40] "GET /static/accounts/refinements.css HTTP/1.1" 200 2289
[08/Oct/2026 01:45:40] "GET /static/foundation/shell.js HTTP/1.1" 200 4289
[08/Oct/2026 01:45:40] "GET /static/accounts/assets/woddi-logo.png HTTP/1.1" 200 47914
[08/Oct/2026 01:45:40] "GET /static/accounts/assets/Manrope.ttf HTTP/1.1" 200 165420
[08/Oct/2026 01:45:40] "GET /static/accounts/assets/Inter.ttf HTTP/1.1" 200 876576
[08/Oct/2026 01:45:42] "GET /foundation/profile/ HTTP/1.1" 200 13145
[08/Oct/2026 01:45:42] "GET /static/accounts/design.css HTTP/1.1" 200 28775
[08/Oct/2026 01:45:42] "GET /static/accounts/refinements.css HTTP/1.1" 200 2289
[08/Oct/2026 01:45:42] "GET /static/foundation/tokens.css HTTP/1.1" 200 2371
[08/Oct/2026 01:45:42] "GET /static/foundation/shell.css HTTP/1.1" 200 17484
[08/Oct/2026 01:45:42] "GET /static/foundation/shell.js HTTP/1.1" 200 4289
[08/Oct/2026 01:45:42] "GET /static/accounts/assets/woddi-logo.png HTTP/1.1" 200 47914
[08/Oct/2026 01:45:42] "GET /static/accounts/assets/Manrope.ttf HTTP/1.1" 200 165420
[08/Oct/2026 01:45:42] "GET /static/accounts/assets/Inter.ttf HTTP/1.1" 200 876576
[08/Oct/2026 01:45:44] "GET /foundation/work-queue/ HTTP/1.1" 200 12762
[08/Oct/2026 01:45:44] "GET /static/accounts/design.css HTTP/1.1" 200 28775
[08/Oct/2026 01:45:44] "GET /static/accounts/refinements.css HTTP/1.1" 200 2289
[08/Oct/2026 01:45:44] "GET /static/foundation/tokens.css HTTP/1.1" 200 2371
[08/Oct/2026 01:45:44] "GET /static/foundation/shell.css HTTP/1.1" 200 17484
[08/Oct/2026 01:45:44] "GET /static/foundation/shell.js HTTP/1.1" 200 4289
[08/Oct/2026 01:45:44] "GET /static/accounts/assets/woddi-logo.png HTTP/1.1" 200 47914
[08/Oct/2026 01:45:44] "GET /static/accounts/assets/Manrope.ttf HTTP/1.1" 200 165420
[08/Oct/2026 01:45:44] "GET /static/accounts/assets/Inter.ttf HTTP/1.1" 200 876576
[08/Oct/2026 01:45:45] "GET /foundation/work-queue/4ba35f54-7c93-42db-9db8-b36511d5ade3/ HTTP/1.1" 200 12349
[08/Oct/2026 01:45:45] "GET /static/accounts/design.css HTTP/1.1" 200 28775
[08/Oct/2026 01:45:45] "GET /static/foundation/tokens.css HTTP/1.1" 200 2371
[08/Oct/2026 01:45:45] "GET /static/accounts/refinements.css HTTP/1.1" 200 2289
[08/Oct/2026 01:45:45] "GET /static/foundation/shell.css HTTP/1.1" 200 17484
[08/Oct/2026 01:45:45] "GET /static/foundation/shell.js HTTP/1.1" 200 4289
[08/Oct/2026 01:45:45] "GET /static/accounts/assets/woddi-logo.png HTTP/1.1" 200 47914
[08/Oct/2026 01:45:46] "GET /static/accounts/assets/Manrope.ttf HTTP/1.1" 200 165420
[08/Oct/2026 01:45:46] "GET /static/accounts/assets/Inter.ttf HTTP/1.1" 200 876576
[08/Oct/2026 01:45:46] "POST /foundation/work-queue/4ba35f54-7c93-42db-9db8-b36511d5ade3/action/ HTTP/1.1" 302 0
[08/Oct/2026 01:45:46] "GET /foundation/work-queue/4ba35f54-7c93-42db-9db8-b36511d5ade3/ HTTP/1.1" 200 12360
Forbidden: /foundation/work-queue/34c2a94b-a72f-4ebc-99a6-093f10e39aa9/
[08/Oct/2026 01:45:48] "GET /foundation/work-queue/34c2a94b-a72f-4ebc-99a6-093f10e39aa9/ HTTP/1.1" 403 11019
[08/Oct/2026 01:45:48] "GET /static/accounts/design.css HTTP/1.1" 200 28775
[08/Oct/2026 01:45:48] "GET /static/foundation/tokens.css HTTP/1.1" 200 2371
[08/Oct/2026 01:45:48] "GET /static/accounts/refinements.css HTTP/1.1" 200 2289
[08/Oct/2026 01:45:48] "GET /static/foundation/shell.css HTTP/1.1" 200 17484
[08/Oct/2026 01:45:48] "GET /static/foundation/shell.js HTTP/1.1" 200 4289
[08/Oct/2026 01:45:48] "GET /static/accounts/assets/woddi-logo.png HTTP/1.1" 200 47914
[08/Oct/2026 01:45:48] "GET /static/accounts/assets/Manrope.ttf HTTP/1.1" 200 165420
[08/Oct/2026 01:45:48] "GET /static/accounts/assets/Inter.ttf HTTP/1.1" 200 876576
[08/Oct/2026 01:45:49] "GET /foundation/search/?q=Nigeria HTTP/1.1" 200 13264
[08/Oct/2026 01:45:49] "GET /static/accounts/design.css HTTP/1.1" 200 28775
[08/Oct/2026 01:45:49] "GET /static/foundation/shell.css HTTP/1.1" 200 17484
[08/Oct/2026 01:45:49] "GET /static/accounts/refinements.css HTTP/1.1" 200 2289
[08/Oct/2026 01:45:49] "GET /static/foundation/tokens.css HTTP/1.1" 200 2371
[08/Oct/2026 01:45:49] "GET /static/accounts/assets/woddi-logo.png HTTP/1.1" 200 47914
[08/Oct/2026 01:45:49] "GET /static/foundation/shell.js HTTP/1.1" 200 4289
[08/Oct/2026 01:45:50] "GET /static/accounts/assets/Manrope.ttf HTTP/1.1" 200 165420
[08/Oct/2026 01:45:50] "GET /static/accounts/assets/Inter.ttf HTTP/1.1" 200 876576
[08/Oct/2026 01:45:51] "GET /foundation/search/?q=Whistleblower HTTP/1.1" 200 11247
[08/Oct/2026 01:45:51] "GET /static/accounts/design.css HTTP/1.1" 200 28775
[08/Oct/2026 01:45:51] "GET /static/foundation/tokens.css HTTP/1.1" 200 2371
[08/Oct/2026 01:45:51] "GET /static/foundation/shell.css HTTP/1.1" 200 17484
[08/Oct/2026 01:45:51] "GET /static/accounts/refinements.css HTTP/1.1" 200 2289
[08/Oct/2026 01:45:51] "GET /static/accounts/assets/woddi-logo.png HTTP/1.1" 200 47914
[08/Oct/2026 01:45:51] "GET /static/foundation/shell.js HTTP/1.1" 200 4289
[08/Oct/2026 01:45:51] "GET /static/accounts/assets/Manrope.ttf HTTP/1.1" 200 165420
[08/Oct/2026 01:45:51] "GET /static/accounts/assets/Inter.ttf HTTP/1.1" 200 876576
[08/Oct/2026 01:45:53] "GET /foundation/notifications/ HTTP/1.1" 200 14460
[08/Oct/2026 01:45:53] "GET /static/accounts/design.css HTTP/1.1" 200 28775
[08/Oct/2026 01:45:53] "GET /static/foundation/tokens.css HTTP/1.1" 200 2371
[08/Oct/2026 01:45:53] "GET /static/accounts/refinements.css HTTP/1.1" 200 2289
[08/Oct/2026 01:45:53] "GET /static/foundation/shell.js HTTP/1.1" 200 4289
[08/Oct/2026 01:45:53] "GET /static/foundation/shell.css HTTP/1.1" 200 17484
[08/Oct/2026 01:45:53] "GET /static/accounts/assets/woddi-logo.png HTTP/1.1" 200 47914
[08/Oct/2026 01:45:53] "GET /static/accounts/assets/Manrope.ttf HTTP/1.1" 200 165420
[08/Oct/2026 01:45:53] "GET /static/accounts/assets/Inter.ttf HTTP/1.1" 200 876576
[08/Oct/2026 01:45:54] "GET /foundation/notifications/ HTTP/1.1" 200 14460
[08/Oct/2026 01:45:54] "GET /static/accounts/design.css HTTP/1.1" 200 28775
[08/Oct/2026 01:45:54] "GET /static/foundation/tokens.css HTTP/1.1" 200 2371
[08/Oct/2026 01:45:54] "GET /static/accounts/refinements.css HTTP/1.1" 200 2289
[08/Oct/2026 01:45:54] "GET /static/foundation/shell.js HTTP/1.1" 200 4289
[08/Oct/2026 01:45:54] "GET /static/foundation/shell.css HTTP/1.1" 200 17484
[08/Oct/2026 01:45:55] "GET /static/accounts/assets/woddi-logo.png HTTP/1.1" 200 47914
[08/Oct/2026 01:45:55] "GET /static/accounts/assets/Manrope.ttf HTTP/1.1" 200 165420
[08/Oct/2026 01:45:55] "GET /static/accounts/assets/Inter.ttf HTTP/1.1" 200 876576
[08/Oct/2026 01:45:56] "POST /foundation/api/notifications/e88d9d7d-12e7-429b-a776-0409b082abd0/retry/ HTTP/1.1" 302 0
[08/Oct/2026 01:45:56] "GET /foundation/notifications/ HTTP/1.1" 200 13750
[08/Oct/2026 01:45:57] "GET /foundation/settings/ HTTP/1.1" 200 15765
[08/Oct/2026 01:45:57] "GET /static/accounts/design.css HTTP/1.1" 200 28775
[08/Oct/2026 01:45:57] "GET /static/foundation/shell.js HTTP/1.1" 200 4289
[08/Oct/2026 01:45:57] "GET /static/foundation/tokens.css HTTP/1.1" 200 2371
[08/Oct/2026 01:45:57] "GET /static/accounts/refinements.css HTTP/1.1" 200 2289
[08/Oct/2026 01:45:57] "GET /static/foundation/shell.css HTTP/1.1" 200 17484
[08/Oct/2026 01:45:57] "GET /static/accounts/assets/woddi-logo.png HTTP/1.1" 200 47914
[08/Oct/2026 01:45:57] "GET /static/accounts/assets/Manrope.ttf HTTP/1.1" 200 165420
[08/Oct/2026 01:45:57] "GET /static/accounts/assets/Inter.ttf HTTP/1.1" 200 876576
[08/Oct/2026 01:45:59] "GET /foundation/ HTTP/1.1" 200 20851
[08/Oct/2026 01:45:59] "GET /static/accounts/design.css HTTP/1.1" 200 28775
[08/Oct/2026 01:45:59] "GET /static/foundation/tokens.css HTTP/1.1" 200 2371
[08/Oct/2026 01:45:59] "GET /static/accounts/refinements.css HTTP/1.1" 200 2289
[08/Oct/2026 01:45:59] "GET /static/foundation/shell.css HTTP/1.1" 200 17484
[08/Oct/2026 01:45:59] "GET /static/foundation/shell.js HTTP/1.1" 200 4289
[08/Oct/2026 01:45:59] "GET /static/accounts/assets/woddi-logo.png HTTP/1.1" 200 47914
[08/Oct/2026 01:45:59] "GET /static/accounts/assets/Manrope.ttf HTTP/1.1" 200 165420
[08/Oct/2026 01:45:59] "GET /static/accounts/assets/Inter.ttf HTTP/1.1" 200 876576
[08/Oct/2026 01:46:01] "GET /foundation/ HTTP/1.1" 200 20944
[08/Oct/2026 01:46:01] "GET /static/accounts/design.css HTTP/1.1" 200 28775
[08/Oct/2026 01:46:01] "GET /static/foundation/tokens.css HTTP/1.1" 200 2371
[08/Oct/2026 01:46:01] "GET /static/accounts/refinements.css HTTP/1.1" 200 2289
[08/Oct/2026 01:46:01] "GET /static/foundation/shell.css HTTP/1.1" 200 17484
[08/Oct/2026 01:46:01] "GET /static/foundation/shell.js HTTP/1.1" 200 4289
[08/Oct/2026 01:46:01] "GET /static/accounts/assets/woddi-logo.png HTTP/1.1" 200 47914
[08/Oct/2026 01:46:01] "GET /static/accounts/assets/Manrope.ttf HTTP/1.1" 200 165420
[08/Oct/2026 01:46:01] "GET /static/accounts/assets/Inter.ttf HTTP/1.1" 200 876576
[08/Oct/2026 01:46:03] "GET /foundation/privacy-requests/ HTTP/1.1" 200 13770
[08/Oct/2026 01:46:03] "GET /static/accounts/design.css HTTP/1.1" 200 28775
[08/Oct/2026 01:46:03] "GET /static/foundation/tokens.css HTTP/1.1" 200 2371
[08/Oct/2026 01:46:03] "GET /static/accounts/refinements.css HTTP/1.1" 200 2289
[08/Oct/2026 01:46:03] "GET /static/foundation/shell.js HTTP/1.1" 200 4289
[08/Oct/2026 01:46:03] "GET /static/foundation/shell.css HTTP/1.1" 200 17484
[08/Oct/2026 01:46:03] "GET /static/accounts/assets/woddi-logo.png HTTP/1.1" 200 47914
[08/Oct/2026 01:46:03] "GET /static/accounts/assets/Manrope.ttf HTTP/1.1" 200 165420
[08/Oct/2026 01:46:03] "GET /static/accounts/assets/Inter.ttf HTTP/1.1" 200 876576
[08/Oct/2026 01:46:04] "POST /foundation/privacy-requests/new/ HTTP/1.1" 302 0
[08/Oct/2026 01:46:04] "GET /foundation/privacy-requests/ HTTP/1.1" 200 14803
[08/Oct/2026 01:46:06] "GET /foundation/privacy-requests/b7bd78a4-2051-4180-a72e-1c6a974f55b4/ HTTP/1.1" 200 11722
[08/Oct/2026 01:46:06] "GET /static/accounts/design.css HTTP/1.1" 200 28775
[08/Oct/2026 01:46:06] "GET /static/accounts/refinements.css HTTP/1.1" 200 2289
[08/Oct/2026 01:46:06] "GET /static/foundation/tokens.css HTTP/1.1" 200 2371
[08/Oct/2026 01:46:06] "GET /static/foundation/shell.js HTTP/1.1" 200 4289
[08/Oct/2026 01:46:06] "GET /static/foundation/shell.css HTTP/1.1" 200 17484
[08/Oct/2026 01:46:06] "GET /static/accounts/assets/woddi-logo.png HTTP/1.1" 200 47914
[08/Oct/2026 01:46:06] "GET /static/accounts/assets/Manrope.ttf HTTP/1.1" 200 165420
[08/Oct/2026 01:46:06] "GET /static/accounts/assets/Inter.ttf HTTP/1.1" 200 876576
[08/Oct/2026 01:46:07] "GET /foundation/ HTTP/1.1" 302 0
[08/Oct/2026 01:46:07] "GET /auth/status/ HTTP/1.1" 200 3913
[08/Oct/2026 01:46:07] "GET /static/accounts/design.css HTTP/1.1" 200 28775
[08/Oct/2026 01:46:07] "GET /static/accounts/refinements.css HTTP/1.1" 200 2289
[08/Oct/2026 01:46:07] "GET /static/accounts/live.css HTTP/1.1" 200 5564
[08/Oct/2026 01:46:07] "GET /static/accounts/auth.js HTTP/1.1" 200 4375
[08/Oct/2026 01:46:07] "GET /static/accounts/assets/woddi-logo.png HTTP/1.1" 200 47914
[08/Oct/2026 01:46:07] "GET /static/accounts/assets/Manrope.ttf HTTP/1.1" 200 165420
[08/Oct/2026 01:46:08] "GET /static/accounts/assets/Inter.ttf HTTP/1.1" 200 876576
[08/Oct/2026 01:46:08] "GET /static/accounts/assets/NotoSansArabic.ttf HTTP/1.1" 200 844676
[08/Oct/2026 01:46:09] "GET /foundation/ HTTP/1.1" 302 0
[08/Oct/2026 01:46:09] "GET /auth/status/ HTTP/1.1" 200 3909
[08/Oct/2026 01:46:09] "GET /static/accounts/design.css HTTP/1.1" 200 28775
[08/Oct/2026 01:46:09] "GET /static/accounts/refinements.css HTTP/1.1" 200 2289
[08/Oct/2026 01:46:09] "GET /static/accounts/live.css HTTP/1.1" 200 5564
[08/Oct/2026 01:46:09] "GET /static/accounts/auth.js HTTP/1.1" 200 4375
[08/Oct/2026 01:46:09] "GET /static/accounts/assets/woddi-logo.png HTTP/1.1" 200 47914
[08/Oct/2026 01:46:09] "GET /static/accounts/assets/Manrope.ttf HTTP/1.1" 200 165420
[08/Oct/2026 01:46:09] "GET /static/accounts/assets/Inter.ttf HTTP/1.1" 200 876576
[08/Oct/2026 01:46:09] "GET /static/accounts/assets/NotoSansArabic.ttf HTTP/1.1" 200 844676
[08/Oct/2026 01:46:10] "GET /foundation/work-queue/?status=completed HTTP/1.1" 200 10864
[08/Oct/2026 01:46:10] "GET /static/accounts/design.css HTTP/1.1" 200 28775
[08/Oct/2026 01:46:10] "GET /static/foundation/shell.js HTTP/1.1" 200 4289
[08/Oct/2026 01:46:10] "GET /static/accounts/refinements.css HTTP/1.1" 200 2289
[08/Oct/2026 01:46:10] "GET /static/foundation/shell.css HTTP/1.1" 200 17484
[08/Oct/2026 01:46:10] "GET /static/foundation/tokens.css HTTP/1.1" 200 2371
[08/Oct/2026 01:46:10] "GET /static/accounts/assets/woddi-logo.png HTTP/1.1" 200 47914
[08/Oct/2026 01:46:11] "GET /static/accounts/assets/Manrope.ttf HTTP/1.1" 200 165420
[08/Oct/2026 01:46:11] "GET /static/accounts/assets/Inter.ttf HTTP/1.1" 200 876576
